// Jest Snapshot v1, https://goo.gl/fbAQLP

exports[`Select Item component should render correctly 1`] = `
<div
  className="select-wrapper"
>
  <label
    htmlFor="select"
  >
    Select Item Label
    :
  </label>
  <select
    className="select"
    data-testid="select-option"
    disabled={false}
    id="select"
    name="select"
    onChange={[Function]}
    value="option 1"
  >
    <option
      value=""
    >
      Select
    </option>
    <option
      value="option 1"
    >
      option 1
    </option>
    <option
      value="option 2"
    >
      option 2
    </option>
    <option
      value="option 3"
    >
      option 3
    </option>
  </select>
</div>
`;

exports[`Select Item component should render correctly 2`] = `
<div
  className="select-wrapper"
>
  <label
    htmlFor="select"
  >
    Select Item Label
    :
  </label>
  <select
    className="select"
    data-testid="select-option"
    disabled={false}
    id="select"
    name="select"
    onChange={[Function]}
    value="option 2"
  >
    <option
      value=""
    >
      Select
    </option>
    <option
      value="option 1"
    >
      option 1
    </option>
    <option
      value="option 2"
    >
      option 2
    </option>
    <option
      value="option 3"
    >
      option 3
    </option>
  </select>
</div>
`;
